Error detected:
MongoServerError: E11000 duplicate key error collection: studyplanner.users index: email_1 dup key: { email: "sarahmurtaza2005@gmail.com" }
    at InsertOneOperation.handleOk (C:\Users\Home\Desktop\Smart Study Planner\backend\node_modules\mongodb\lib\operations\insert.js:51:19)
    at tryOperation (C:\Users\Home\Desktop\Smart Study Planner\backend\node_modules\mongodb\lib\operations\execute_operation.js:216:34)
    at process.processTicksAndRejections (node:internal/process/task_queues:103:5)
    at async executeOperation (C:\Users\Home\Desktop\Smart Study Planner\backend\node_modules\mongodb\lib\operations\execute_operation.js:80:16)
    at async Collection.insertOne (C:\Users\Home\Desktop\Smart Study Planner\backend\node_modules\mongodb\lib\collection.js:154:16)
    at async model.$__save (C:\Users\Home\Desktop\Smart Study Planner\backend\node_modules\mongoose\lib\model.js:398:16)
    at async model.save (C:\Users\Home\Desktop\Smart Study Planner\backend\node_modules\mongoose\lib\model.js:609:5)
    at async C:\Users\Home\Desktop\Smart Study Planner\backend\node_modules\mongoose\lib\model.js:2714:9
    at async Promise.all (index 0)
    at async model.create (C:\Users\Home\Desktop\Smart Study Planner\backend\node_modules\mongoose\lib\model.js:2699:11) {
  errorLabelSet: Set(0) {},
  errorResponse: {
    index: 0,
    code: 11000,
    errmsg: 'E11000 duplicate key error collection: studyplanner.users index: email_1 dup key: { email: "sarahmurtaza2005@gmail.com" }',
    keyPattern: { email: 1 },
    keyValue: { email: 'sarahmurtaza2005@gmail.com' }
  },
  index: 0,
  code: 11000,
  keyPattern: { email: 1 },
  keyValue: { email: 'sarahmurtaza2005@gmail.com' }
}
Stack:
MongoServerError: E11000 duplicate key error collection: studyplanner.users index: email_1 dup key: { email: "sarahmurtaza2005@gmail.com" }
    at InsertOneOperation.handleOk (C:\Users\Home\Desktop\Smart Study Planner\backend\node_modules\mongodb\lib\operations\insert.js:51:19)
    at tryOperation (C:\Users\Home\Desktop\Smart Study Planner\backend\node_modules\mongodb\lib\operations\execute_operation.js:216:34)
    at process.processTicksAndRejections (node:internal/process/task_queues:103:5)
    at async executeOperation (C:\Users\Home\Desktop\Smart Study Planner\backend\node_modules\mongodb\lib\operations\execute_operation.js:80:16)
    at async Collection.insertOne (C:\Users\Home\Desktop\Smart Study Planner\backend\node_modules\mongodb\lib\collection.js:154:16)
    at async model.$__save (C:\Users\Home\Desktop\Smart Study Planner\backend\node_modules\mongoose\lib\model.js:398:16)
    at async model.save (C:\Users\Home\Desktop\Smart Study Planner\backend\node_modules\mongoose\lib\model.js:609:5)
    at async C:\Users\Home\Desktop\Smart Study Planner\backend\node_modules\mongoose\lib\model.js:2714:9
    at async Promise.all (index 0)
    at async model.create (C:\Users\Home\Desktop\Smart Study Planner\backend\node_modules\mongoose\lib\model.js:2699:11)